<html>
<body>
<pre>
<h1>µVision Build Log</h1>
<h2>Tool Versions:</h2>
IDE-Version: µVision V5.17.0.0
Copyright (C) 2015 ARM Ltd and ARM Germany GmbH. All rights reserved.
License Information: Lux Nguyen, 1, LIC=47GU5-G62UU-2ZHW4-FP905-7TG57-RE3R5
 
Tool Versions:
Toolchain:       MDK-ARM Standard  Version: 5.17
Toolchain Path:  C:\Keil_v5\ARM\ARMCC\Bin
C Compiler:      Armcc.exe V5.06 update 1 (build 61)
Assembler:       Armasm.exe V5.06 update 1 (build 61)
Linker/Locator:  ArmLink.exe V5.06 update 1 (build 61)
Library Manager: ArmAr.exe V5.06 update 1 (build 61)
Hex Converter:   FromElf.exe V5.06 update 1 (build 61)
CPU DLL:         SARMCM3.DLL V5.17
Dialog DLL:      DCM.DLL V1.13.4.0
Target DLL:      STLink\ST-LINKIII-KEIL_SWO.dll V2.0.18.0
Dialog DLL:      TCM.DLL V1.14.6.0
 
<h2>Project:</h2>
E:\Result\Mach_khoa\Mach_bao_mat_tu_B1\Mach_bao_mat\MDK-ARM\Mach_bao_mat.uvprojx
Project File Date:  02/14/2022

<h2>Output:</h2>
*** Using Compiler 'V5.06 update 1 (build 61)', folder: 'C:\Keil_v5\ARM\ARMCC\Bin'
Rebuild target 'Mach_bao_mat'
assembling startup_stm32f103xb.s...
compiling KEYPAD.c...
..\User\Keypad\KEYPAD.h(27): warning:  #1295-D: Deprecated declaration Key_Scan - give arg types
  uint8_t Key_Scan();
..\User\Keypad\KEYPAD.h(29): warning:  #1-D: last line of file ends without a newline
  #endif
..\User\Keypad\KEYPAD.c(120): warning:  #1-D: last line of file ends without a newline
  	
..\User\Keypad\KEYPAD.c: 3 warnings, 0 errors
compiling stm32f1xx_hal_msp.c...
compiling stm32f1xx_it.c...
compiling main.c...
../Core/Src/main.c(200): warning:  #223-D: function "lcd_init" declared implicitly
  	lcd_init();
../Core/Src/main.c(201): warning:  #223-D: function "lcd_clear" declared implicitly
  	lcd_clear();
../Core/Src/main.c(204): warning:  #223-D: function "Flash_Read_Int" declared implicitly
  	mk = Flash_Read_Int(PASSWORDCHECK);
../Core/Src/main.c(275): warning:  #223-D: function "lcd_puts" declared implicitly
  	lcd_puts(0, 0, (int8_t*)datelcd);
../Core/Src/main.c(277): warning:  #223-D: function "Key_Scan" declared implicitly
  	key = Key_Scan();
../Core/Src/main.c(291): warning:  #181-D: argument is incompatible with corresponding format string conversion
  				sprintf(szKey, "%d", a);
../Core/Src/main.c(310): warning:  #223-D: function "Flash_Erase" declared implicitly
  		Flash_Erase(PASSWORDCHECK);
../Core/Src/main.c(311): warning:  #223-D: function "Flash_Write_Int" declared implicitly
  		Flash_Write_Int(PASSWORDCHECK, 2022);
../Core/Src/main.c(325): warning:  #223-D: function "Flash_Erase" declared implicitly
   			Flash_Erase(PASSWORDCHECK);
../Core/Src/main.c: 9 warnings, 0 errors
compiling stm32f1xx_hal_gpio_ex.c...
compiling FLASH.c...
..\User\FLASH\flash.h(30): warning:  #1-D: last line of file ends without a newline
  #endif
..\User\FLASH\FLASH.c(73): warning:  #1-D: last line of file ends without a newline
  }
..\User\FLASH\FLASH.c: 2 warnings, 0 errors
compiling LCD.c...
..\User\LCD16x2\LCD.h(37): warning:  #1-D: last line of file ends without a newline
  #endif
..\User\LCD16x2\LCD.c: 1 warning, 0 errors
compiling stm32f1xx_hal.c...
compiling stm32f1xx_hal_rcc_ex.c...
compiling stm32f1xx_hal_dma.c...
compiling stm32f1xx_hal_gpio.c...
compiling stm32f1xx_hal_cortex.c...
compiling stm32f1xx_hal_rcc.c...
compiling stm32f1xx_hal_i2c.c...
compiling stm32f1xx_hal_exti.c...
compiling stm32f1xx_hal_pwr.c...
compiling stm32f1xx_hal_flash.c...
compiling stm32f1xx_hal_flash_ex.c...
compiling stm32f1xx_hal_tim_ex.c...
compiling stm32f1xx_hal_tim.c...
compiling system_stm32f1xx.c...
linking...
Program Size: Code=8024 RO-data=292 RW-data=64 ZI-data=1216  
FromELF: creating hex file...
"Mach_bao_mat\Mach_bao_mat.axf" - 0 Error(s), 15 Warning(s).

<h2>Software Packages used:</h2>

Package Vendor: ARM
                http://www.keil.com/pack/ARM.CMSIS.4.5.0.pack
                ARM::CMSIS:CORE:4.3.0
                CMSIS (Cortex Microcontroller Software Interface Standard)
   * Component: CORE Version: 4.3.0

<h2>Collection of Component include folders:</h2>
  E:\Result\Mach_khoa\Mach_bao_mat_tu_B1\Mach_bao_mat\MDK-ARM\RTE
  C:\Keil_v5\ARM\PACK\ARM\CMSIS\4.5.0\CMSIS\Include
  C:\Keil_v5\ARM\PACK\Keil\STM32F1xx_DFP\2.3.0\Device\Include

<h2>Collection of Component Files used:</h2>

   * Component: ARM::CMSIS:CORE:4.3.0
Build Time Elapsed:  00:00:10
</pre>
</body>
</html>
